Microchip MPLAB XC8 Compiler V2.32

Linker command line:

-W-3 --edf=/opt/microchip/xc8/v2.32/pic/dat/en_msgs.txt -cn \
  -h+dist/default/debug/eSafe.X.debug.sym \
  --cmf=dist/default/debug/eSafe.X.debug.cmf -z -Q18F4620 -o/tmp/xcXmEfhGO \
  --defsym=__MPLAB_BUILD=1 -Mdist/default/debug/eSafe.X.debug.map -E1 \
  -ver=XC8 Compiler --acfsm=1493 -ASTACK=080h-0F7Fh -pstack=STACK \
  -ACODE=00h-0FFFFh -ACONST=00h-0FFFFh -ASMALLCONST=01000h-010FFhx240 \
  -AMEDIUMCONST=01000h-0FFFFh -ACOMRAM=01h-07Fh -AABS1=00h-0F7Fh \
  -ABIGRAM=01h-0F7Fh -ARAM=080h-0FFh,0100h-01FFhx14,0F00h-0F7Fh \
  -ABANK0=080h-0FFh -ABANK1=0100h-01FFh -ABANK2=0200h-02FFh \
  -ABANK3=0300h-03FFh -ABANK4=0400h-04FFh -ABANK5=0500h-05FFh \
  -ABANK6=0600h-06FFh -ABANK7=0700h-07FFh -ABANK8=0800h-08FFh \
  -ABANK9=0900h-09FFh -ABANK10=0A00h-0AFFh -ABANK11=0B00h-0BFFh \
  -ABANK12=0C00h-0CFFh -ABANK13=0D00h-0DFFh -ABANK14=0E00h-0EFFh \
  -ABANK15=0F00h-0F7Fh -ASFR=0F80h-0FFFh -ACONFIG=0300000h-030000Dh \
  -AIDLOC=0200000h-0200007h -AEEDATA=0F00000h-0F003FFh -peeprom_data=EEDATA \
  -preset_vec=00h,intcode=08h,intcodelo,powerup,init -pramtop=01000h \
  -psmallconst=SMALLCONST -pmediumconst=MEDIUMCONST -pconst=CONST \
  -AFARRAM=00h-00h \
  -prdata=COMRAM,nvrram=COMRAM,nvbit=COMRAM,rbss=COMRAM,rbit=COMRAM \
  -pfarbss=FARRAM,fardata=FARRAM,nvFARRAM=FARRAM \
  -pintsave_regs=BIGRAM,bigbss=BIGRAM,bigdata=BIGRAM -pbss=RAM \
  -pidata=CODE,irdata=CODE,ibigdata=CODE,ifardata=CODE -prparam=COMRAM \
  /tmp/xcXniOGDB.o dist/default/debug/eSafe.X.debug.o 

Object code version is 3.11

Machine type is 18F4620



                Name                               Link     Load   Length Selector   Space Scale
/tmp/xcXniOGDB.o
                idloc                            200000   200000        8        0       5
                config                           300000   300000        E        0       4
                init                                  E        E        4        4       0
                reset_vec                             0        0        4        0       0
dist/default/debug/eSafe.X.debug.o
                intcode                               8        8        6        4       0
                idloc                            200000   200000        8        0       5
                config                           300000   300000        E        0       4
                temp                                 59       59        1        1       1
                smallconst                         1000     1000       7E      800       0
                text21                             1A3E     1A3E       74      83F       0
                text20                             18F0     18F0       C4      83F       0
                intcode_body                       144A     144A      30E      83F       0
                text18                             1C82     1C82       1E      83F       0
                text17                             1B76     1B76       32      83F       0
                text16                             1C62     1C62       20      83F       0
                text15                             1B42     1B42       34      83F       0
                text14                             19B4     19B4       8A      83F       0
                text13                             1CFA     1CFA       10      E5E       0
                text12                             1CE8     1CE8       12      E5E       0
                text11                             1BA8     1BA8       2C      83F       0
                text10                             182C     182C       C4      83F       0
                text9                              1758     1758       D4      83F       0
                text8                              1BFA     1BFA       26      83F       0
                text7                              1BD4     1BD4       26      83F       0
                text6                              1D0A     1D0A        A      E5E       0
                text5                              1CD2     1CD2       16      E5E       0
                text4                              1C20     1C20       22      83F       0
                text3                              1CBC     1CBC       16      E5E       0
                text2                              1C42     1C42       20      83F       0
                text1                              1AB2     1AB2       56      83F       0
                text0                              107E     107E      3CC      83F       0
                cstackCOMRAM                          1        1       28        1       1
                dataCOMRAM                           29       29       1B        1       1
                bssCOMRAM                            44       44       15        1       1
                cinit                              1B08     1B08       3A      83F       0
                idataCOMRAM                        1CA0     1CA0       1B      83F       0

TOTAL           Name                               Link     Load   Length     Space
        CLASS   STACK          

        CLASS   CODE           
                intcode                               8        8        6         0
                init                                  E        E        4         0
                reset_vec                             0        0        4         0
                text21                             1A3E     1A3E       74         0
                text20                             18F0     18F0       C4         0
                intcode_body                       144A     144A      30E         0
                text18                             1C82     1C82       1E         0
                text17                             1B76     1B76       32         0
                text16                             1C62     1C62       20         0
                text15                             1B42     1B42       34         0
                text14                             19B4     19B4       8A         0
                text13                             1CFA     1CFA       10         0
                text12                             1CE8     1CE8       12         0
                text11                             1BA8     1BA8       2C         0
                text10                             182C     182C       C4         0
                text9                              1758     1758       D4         0
                text8                              1BFA     1BFA       26         0
                text7                              1BD4     1BD4       26         0
                text6                              1D0A     1D0A        A         0
                text5                              1CD2     1CD2       16         0
                text4                              1C20     1C20       22         0
                text3                              1CBC     1CBC       16         0
                text2                              1C42     1C42       20         0
                text1                              1AB2     1AB2       56         0
                text0                              107E     107E      3CC         0
                cinit                              1B08     1B08       3A         0
                idataCOMRAM                        1CA0     1CA0       1B         0

        CLASS   CONST          

        CLASS   SMALLCONST     
                smallconst                         1000     1000       7E         0

        CLASS   MEDIUMCONST    

        CLASS   COMRAM         
                temp                                 59       59        1         1
                cstackCOMRAM                          1        1       28         1
                dataCOMRAM                           29       29       1B         1
                bssCOMRAM                            44       44       15         1

        CLASS   ABS1           

        CLASS   BIGRAM         

        CLASS   RAM            

        CLASS   BANK0          

        CLASS   BANK1          

        CLASS   BANK2          

        CLASS   BANK3          

        CLASS   BANK4          

        CLASS   BANK5          

        CLASS   BANK6          

        CLASS   BANK7          

        CLASS   BANK8          

        CLASS   BANK9          

        CLASS   BANK10         

        CLASS   BANK11         

        CLASS   BANK12         

        CLASS   BANK13         

        CLASS   BANK14         

        CLASS   BANK15         

        CLASS   SFR            

        CLASS   CONFIG         
                config                           300000   300000        E         4

        CLASS   IDLOC          
                idloc                            200000   200000        8         5

        CLASS   EEDATA         

        CLASS   FARRAM         



SEGMENTS        Name                           Load    Length   Top    Selector   Space  Class

                reset_vec                      000000  000004  000004         0       0  CODE    
                text0                          00107E  000C3D  001CBB       83F       0  CODE    
                text3                          001CBC  000058  001D14       E5E       0  CODE    
                intcode                        000008  00000A  000012         4       0  CODE    
                cstackCOMRAM                   000001  000059  00005A         1       1  COMRAM  
                smallconst                     001000  00007E  00107E       800       0  SMALLCON


UNUSED ADDRESS RANGES

        Name                Unused          Largest block    Delta
        BANK0            000080-0000FF               80
        BANK1            000100-0001FF              100
        BANK10           000A00-000AFF              100
        BANK11           000B00-000BFF              100
        BANK12           000C00-000CFF              100
        BANK13           000D00-000DFF              100
        BANK14           000E00-000EFF              100
        BANK15           000F00-000F7F               80
        BANK2            000200-0002FF              100
        BANK3            000300-0003FF              100
        BANK4            000400-0004FF              100
        BANK5            000500-0005FF              100
        BANK6            000600-0006FF              100
        BANK7            000700-0007FF              100
        BANK8            000800-0008FF              100
        BANK9            000900-0009FF              100
        BIGRAM           00005A-000F7F              F26
        CODE             000004-000007                4
                         000012-000FFF              FEE
                         001CBB-001CBB                1
                         001D14-00FFFF             E2EC
        COMRAM           00005A-00007F               26
        CONST            000004-000007                4
                         000012-000FFF              FEE
                         001CBB-001CBB                1
                         001D14-00FFFF             E2EC
        EEDATA           F00000-F003FF              400
        MEDIUMCONST      001CBB-001CBB                1
                         001D14-00FFFF             E2EC
        RAM              000080-000F7F              100
        SFR              000F80-000FFF               80
        SMALLCONST       001CBB-001CBB                1
                         001D14-00FFFF              100
        STACK            000080-000F7F              F00

                                  Symbol Table

?___awdiv                          cstackCOMRAM 000012
?___lwdiv                          cstackCOMRAM 000001
?_passwordCheck                    cstackCOMRAM 000012
?i2___awdiv                        cstackCOMRAM 000001
LCDCmd@cmd                         cstackCOMRAM 000013
LCDDat@dat                         cstackCOMRAM 000013
LCDGoto@p_1                        cstackCOMRAM 000014
LCDGoto@p_2                        cstackCOMRAM 000015
LCDStr@i                           cstackCOMRAM 00001A
LCDStr@str                         cstackCOMRAM 000016
_ADCON0                            (abs)        000FC2
_ADCON1                            (abs)        000FC1
_ADCON2                            (abs)        000FC0
_ADIE                              (abs)        007CEE
_ADIF                              (abs)        007CF6
_ADIP                              (abs)        007CFE
_ADRESH                            (abs)        000FC4
_ADRESL                            (abs)        000FC3
_GIE                               (abs)        007F97
_INT0IE                            (abs)        007F94
_INT0IF                            (abs)        007F91
_INT1IE                            (abs)        007F83
_INT1IF                            (abs)        007F80
_INT2IE                            (abs)        007F84
_INT2IF                            (abs)        007F81
_INTEDG0                           (abs)        007F8E
_INTEDG1                           (abs)        007F8D
_IPEN                              (abs)        007E87
_IRCF0                             (abs)        007E9C
_IRCF1                             (abs)        007E9D
_IRCF2                             (abs)        007E9E
_InitLCD                           text17       001B76
_LCDCmd                            text18       001C82
_LCDDat                            text16       001C62
_LCDGoto                           text15       001B42
_LCDStr                            text14       0019B4
_PEIE                              (abs)        007F96
_PIR1bits                          (abs)        000F9E
_PLLEN                             (abs)        007CDE
_PORTA                             (abs)        000F80
_PORTB                             (abs)        000F81
_PORTD                             (abs)        000F83
_PORTE                             (abs)        000F84
_PORTEbits                         (abs)        000F84
_PR2                               (abs)        000FCB
_PSA                               (abs)        007EAB
_RBIE                              (abs)        007F93
_RBIF                              (abs)        007F90
_RBIP                              (abs)        007F88
_RBPU                              (abs)        007F8F
_RC5                               (abs)        007C15
_T08BIT                            (abs)        007EAE
_T0CON                             (abs)        000FD5
_T0CS                              (abs)        007EAD
_T0PS0                             (abs)        007EA8
_T0PS1                             (abs)        007EA9
_T0PS2                             (abs)        007EAA
_T1CKPS0                           (abs)        007E6C
_T1CKPS1                           (abs)        007E6D
_T1CON                             (abs)        000FCD
_T1OSCEN                           (abs)        007E6B
_T2CON                             (abs)        000FCA
_TIM0LOAD                          dataCOMRAM   00003D
_TIM1LOAD                          dataCOMRAM   000039
_TMR0H                             (abs)        000FD7
_TMR0IE                            (abs)        007F95
_TMR0IF                            (abs)        007F92
_TMR0L                             (abs)        000FD6
_TMR0ON                            (abs)        007EAF
_TMR1CS                            (abs)        007E69
_TMR1H                             (abs)        000FCF
_TMR1IE                            (abs)        007CE8
_TMR1IF                            (abs)        007CF0
_TMR1L                             (abs)        000FCE
_TMR1ON                            (abs)        007E68
_TMR2                              (abs)        000FCC
_TMR2Counter                       bssCOMRAM    00004E
_TMR2IE                            (abs)        007CE9
_TMR2IF                            (abs)        007CF1
_TMR2ON                            (abs)        007E52
_TRISA                             (abs)        000F92
_TRISB                             (abs)        000F93
_TRISD                             (abs)        000F95
_TRISEbits                         (abs)        000F96
__HRAM                             (abs)        000000
__Habs1                            abs1         000000
__Hbank0                           bank0        000000
__Hbank1                           bank1        000000
__Hbank10                          bank10       000000
__Hbank11                          bank11       000000
__Hbank12                          bank12       000000
__Hbank13                          bank13       000000
__Hbank14                          bank14       000000
__Hbank15                          bank15       000000
__Hbank2                           bank2        000000
__Hbank3                           bank3        000000
__Hbank4                           bank4        000000
__Hbank5                           bank5        000000
__Hbank6                           bank6        000000
__Hbank7                           bank7        000000
__Hbank8                           bank8        000000
__Hbank9                           bank9        000000
__Hbigbss                          bigbss       000000
__Hbigdata                         bigdata      000000
__Hbigram                          bigram       000000
__Hbss                             bss          000000
__HbssCOMRAM                       bssCOMRAM    000000
__Hcinit                           cinit        000000
__Hclrtext                         clrtext      000000
__Hcomram                          comram       000000
__Hconfig                          config       30000E
__Hconst                           const        000000
__HcstackCOMRAM                    cstackCOMRAM 000000
__Hdata                            data         000000
__HdataCOMRAM                      dataCOMRAM   000000
__Heeprom_data                     eeprom_data  000000
__Hfarbss                          farbss       000000
__Hfardata                         fardata      000000
__Hibigdata                        ibigdata     000000
__Hidata                           idata        000000
__HidataCOMRAM                     idataCOMRAM  000000
__Hidloc                           idloc        200008
__Hifardata                        ifardata     000000
__Hinit                            init         000012
__Hintcode                         intcode      00000E
__Hintcode_body                    intcode_body 000000
__Hintcodelo                       intcodelo    00000E
__Hintentry                        intentry     000000
__Hintret                          intret       000000
__Hintsave_regs                    intsave_regs 000000
__Hirdata                          irdata       000000
__Hmediumconst                     mediumconst  000000
__HnvFARRAM                        nvFARRAM     000000
__Hnvbit                           nvbit        000000
__Hnvrram                          nvrram       000000
__Hparam                           rparam       000000
__Hpowerup                         powerup      00000E
__Hram                             ram          000000
__Hramtop                          ramtop       001000
__Hrbit                            rbit         000000
__Hrbss                            rbss         000000
__Hrdata                           rdata        000000
__Hreset_vec                       reset_vec    000004
__Hrparam                          rparam       000000
__Hsfr                             sfr          000000
__Hsmallconst                      smallconst   00107E
__Hspace_0                         (abs)        001D14
__Hspace_1                         (abs)        00005A
__Hspace_2                         (abs)        000000
__Hspace_4                         (abs)        60000E
__Hstack                           stack        000000
__Hstruct                          struct       000000
__Htemp                            temp         00005A
__Htext                            text         000000
__Htext0                           text0        000000
__Htext1                           text1        000000
__Htext10                          text10       000000
__Htext11                          text11       000000
__Htext12                          text12       000000
__Htext13                          text13       000000
__Htext14                          text14       000000
__Htext15                          text15       000000
__Htext16                          text16       000000
__Htext17                          text17       000000
__Htext18                          text18       000000
__Htext2                           text2        000000
__Htext20                          text20       000000
__Htext21                          text21       000000
__Htext3                           text3        000000
__Htext4                           text4        000000
__Htext5                           text5        000000
__Htext6                           text6        000000
__Htext7                           text7        000000
__Htext8                           text8        000000
__Htext9                           text9        000000
__LRAM                             (abs)        000001
__Labs1                            abs1         000000
__Lbank0                           bank0        000000
__Lbank1                           bank1        000000
__Lbank10                          bank10       000000
__Lbank11                          bank11       000000
__Lbank12                          bank12       000000
__Lbank13                          bank13       000000
__Lbank14                          bank14       000000
__Lbank15                          bank15       000000
__Lbank2                           bank2        000000
__Lbank3                           bank3        000000
__Lbank4                           bank4        000000
__Lbank5                           bank5        000000
__Lbank6                           bank6        000000
__Lbank7                           bank7        000000
__Lbank8                           bank8        000000
__Lbank9                           bank9        000000
__Lbigbss                          bigbss       000000
__Lbigdata                         bigdata      000000
__Lbigram                          bigram       000000
__Lbss                             bss          000000
__LbssCOMRAM                       bssCOMRAM    000000
__Lcinit                           cinit        000000
__Lclrtext                         clrtext      000000
__Lcomram                          comram       000000
__Lconfig                          config       000000
__Lconst                           const        000000
__LcstackCOMRAM                    cstackCOMRAM 000000
__Ldata                            data         000000
__LdataCOMRAM                      dataCOMRAM   000000
__Leeprom_data                     eeprom_data  000000
__Lfarbss                          farbss       000000
__Lfardata                         fardata      000000
__Libigdata                        ibigdata     000000
__Lidata                           idata        000000
__LidataCOMRAM                     idataCOMRAM  000000
__Lidloc                           idloc        000000
__Lifardata                        ifardata     000000
__Linit                            init         00000E
__Lintcode                         intcode      000008
__Lintcode_body                    intcode_body 000000
__Lintcodelo                       intcodelo    00000E
__Lintentry                        intentry     000000
__Lintret                          intret       000000
__Lintsave_regs                    intsave_regs 000000
__Lirdata                          irdata       000000
__Lmediumconst                     mediumconst  000000
__LnvFARRAM                        nvFARRAM     000000
__Lnvbit                           nvbit        000000
__Lnvrram                          nvrram       000000
__Lparam                           rparam       000000
__Lpowerup                         powerup      00000E
__Lram                             ram          000000
__Lramtop                          ramtop       001000
__Lrbit                            rbit         000000
__Lrbss                            rbss         000000
__Lrdata                           rdata        000000
__Lreset_vec                       reset_vec    000000
__Lrparam                          rparam       000000
__Lsfr                             sfr          000000
__Lsmallconst                      smallconst   001000
__Lspace_0                         (abs)        000000
__Lspace_1                         (abs)        000000
__Lspace_2                         (abs)        000000
__Lspace_4                         (abs)        000000
__Lstack                           stack        000000
__Lstruct                          struct       000000
__Ltemp                            temp         000059
__Ltext                            text         000000
__Ltext0                           text0        000000
__Ltext1                           text1        000000
__Ltext10                          text10       000000
__Ltext11                          text11       000000
__Ltext12                          text12       000000
__Ltext13                          text13       000000
__Ltext14                          text14       000000
__Ltext15                          text15       000000
__Ltext16                          text16       000000
__Ltext17                          text17       000000
__Ltext18                          text18       000000
__Ltext2                           text2        000000
__Ltext20                          text20       000000
__Ltext21                          text21       000000
__Ltext3                           text3        000000
__Ltext4                           text4        000000
__Ltext5                           text5        000000
__Ltext6                           text6        000000
__Ltext7                           text7        000000
__Ltext8                           text8        000000
__Ltext9                           text9        000000
__S0                               (abs)        001D14
__S1                               (abs)        00005A
__S2                               (abs)        000000
__S4                               (abs)        000000
__S5                               (abs)        000000
___awdiv                           text10       00182C
___awdiv@counter                   cstackCOMRAM 000016
___awdiv@dividend                  cstackCOMRAM 000012
___awdiv@divisor                   cstackCOMRAM 000014
___awdiv@quotient                  cstackCOMRAM 000018
___awdiv@sign                      cstackCOMRAM 000017
___inthi_sp                        stack        000000
___intlo_sp                        stack        000000
___lwdiv                           text21       001A3E
___lwdiv@counter                   cstackCOMRAM 000007
___lwdiv@dividend                  cstackCOMRAM 000001
___lwdiv@divisor                   cstackCOMRAM 000003
___lwdiv@quotient                  cstackCOMRAM 000005
___param_bank                      (abs)        000000
___rparam_used                     (abs)        000001
___sp                              stack        000000
__accesstop                        (abs)        000080
__activetblptr                     (abs)        000002
__end_of_InitLCD                   text17       001BA8
__end_of_LCDCmd                    text18       001CA0
__end_of_LCDDat                    text16       001C82
__end_of_LCDGoto                   text15       001B76
__end_of_LCDStr                    text14       001A3E
__end_of___awdiv                   text10       0018F0
__end_of___lwdiv                   text21       001AB2
__end_of__initialization           cinit        001B34
__end_of_config_ADC_Potentiometer  text13       001D0A
__end_of_config_ADC_Thermometer    text12       001CFA
__end_of_delayWithTimer2           text11       001BD4
__end_of_displayNumbers            text9        00182C
__end_of_init_ADC_Potentiometer    text8        001C20
__end_of_init_ADC_Thermometer      text7        001BFA
__end_of_init_Clock                text6        001D14
__end_of_init_PORTB                text5        001CE8
__end_of_init_TIMER0               text4        001C42
__end_of_init_TIMER1               text3        001CD2
__end_of_init_TIMER2               text2        001C62
__end_of_main                      text0        00144A
__end_of_my_ISR                    intcode_body 001758
__end_of_passwordCheck             text1        001B08
__end_ofi2___awdiv                 text20       0019B4
__initialization                   cinit        001B08
__mediumconst                      mediumconst  000000
__pbssCOMRAM                       bssCOMRAM    000044
__pcinit                           cinit        001B08
__pcstackCOMRAM                    cstackCOMRAM 000001
__pdataCOMRAM                      dataCOMRAM   000029
__pidataCOMRAM                     idataCOMRAM  001CA0
__pintcode                         intcode      000008
__pintcode_body                    intcode_body 00144A
__psmallconst                      smallconst   001000
__ptext0                           text0        00107E
__ptext1                           text1        001AB2
__ptext10                          text10       00182C
__ptext11                          text11       001BA8
__ptext12                          text12       001CE8
__ptext13                          text13       001CFA
__ptext14                          text14       0019B4
__ptext15                          text15       001B42
__ptext16                          text16       001C62
__ptext17                          text17       001B76
__ptext18                          text18       001C82
__ptext2                           text2        001C42
__ptext20                          text20       0018F0
__ptext21                          text21       001A3E
__ptext3                           text3        001CBC
__ptext4                           text4        001C20
__ptext5                           text5        001CD2
__ptext6                           text6        001D0A
__ptext7                           text7        001BD4
__ptext8                           text8        001BFA
__ptext9                           text9        001758
__ramtop                           ramtop       001000
__size_of_InitLCD                  (abs)        000000
__size_of_LCDCmd                   (abs)        000000
__size_of_LCDDat                   (abs)        000000
__size_of_LCDGoto                  (abs)        000000
__size_of_LCDStr                   (abs)        000000
__size_of___awdiv                  (abs)        000000
__size_of___lwdiv                  (abs)        000000
__size_of_config_ADC_Potentiometer (abs)        000000
__size_of_config_ADC_Thermometer   (abs)        000000
__size_of_delayWithTimer2          (abs)        000000
__size_of_displayNumbers           (abs)        000000
__size_of_init_ADC_Potentiometer   (abs)        000000
__size_of_init_ADC_Thermometer     (abs)        000000
__size_of_init_Clock               (abs)        000000
__size_of_init_PORTB               (abs)        000000
__size_of_init_TIMER0              (abs)        000000
__size_of_init_TIMER1              (abs)        000000
__size_of_init_TIMER2              (abs)        000000
__size_of_main                     (abs)        000000
__size_of_my_ISR                   (abs)        000000
__size_of_passwordCheck            (abs)        000000
__size_ofi2___awdiv                (abs)        000000
__smallconst                       smallconst   001000
_blinkEnable                       bssCOMRAM    000052
_config_ADC_Potentiometer          text13       001CFA
_config_ADC_Thermometer            text12       001CE8
_delayWithTimer2                   text11       001BA8
_digitEntryCount                   bssCOMRAM    000058
_displayData                       bssCOMRAM    000044
_displayNumbers                    text9        001758
_downCounter90s                    dataCOMRAM   000043
_firstTime                         bssCOMRAM    000056
_init_ADC_Potentiometer            text8        001BFA
_init_ADC_Thermometer              text7        001BD4
_init_Clock                        text6        001D0A
_init_PORTB                        text5        001CD2
_init_TIMER0                       text4        001C20
_init_TIMER1                       text3        001CBC
_init_TIMER2                       text2        001C42
_lcd_x                             dataCOMRAM   000042
_lcd_y                             dataCOMRAM   000041
_lockAgain                         bssCOMRAM    000053
_main                              text0        00107E
_my_ISR                            intcode      000008
_passwordCheck                     text1        001AB2
_passwordsAttempt                  bssCOMRAM    00004B
_passwordsSet                      bssCOMRAM    000048
_result_ADC                        bssCOMRAM    000057
_safeState                         bssCOMRAM    000055
_segmentData                       dataCOMRAM   000029
_start3                            bssCOMRAM    000054
btemp                              temp         000059
delayWithTimer2@currentVal         cstackCOMRAM 000014
delayWithTimer2@milliseconds       cstackCOMRAM 000012
displayNumbers@digitH              cstackCOMRAM 000020
displayNumbers@digitL              cstackCOMRAM 00001F
displayNumbers@digitNo             cstackCOMRAM 00001C
displayNumbers@value               cstackCOMRAM 00001A
end_of_initialization              cinit        001B34
i2___awdiv                         text20       0018F0
i2___awdiv@counter                 cstackCOMRAM 000005
i2___awdiv@dividend                cstackCOMRAM 000001
i2___awdiv@divisor                 cstackCOMRAM 000003
i2___awdiv@quotient                cstackCOMRAM 000007
i2___awdiv@sign                    cstackCOMRAM 000006
int$flags                          temp         000059
int_func                           intcode_body 00144A
intlevel0                          text         000000
intlevel1                          text         000000
intlevel2                          text         000000
intlevel3                          text         000000
isa$std                            (abs)        000001
isa$xinst                          (abs)        000000
main@attemption                    cstackCOMRAM 000028
main@heaterTemperature             cstackCOMRAM 000025
main@i                             cstackCOMRAM 000026
main@isValid                       cstackCOMRAM 000023
my_ISR@before                      cstackCOMRAM 00000F
my_ISR@halfSec                     bssCOMRAM    000051
my_ISR@read_ADC_Raw                cstackCOMRAM 000010
passwordCheck@n                    cstackCOMRAM 000016
stackhi                            (abs)        000F7F
stacklo                            (abs)        000080
start                              init         00000E
start_initialization               cinit        001B08
ttemp5                             temp         00005A
ttemp6                             temp         00005D
ttemp7                             temp         000061
wtemp8                             temp         00005A


MODULE INFORMATION

Module		Function		Class		Link	Load	Size
./timers.h
		_init_TIMER0   		CODE           	1C20	0000	34
		_init_TIMER1   		CODE           	1CBC	0000	22
		_init_TIMER2   		CODE           	1C42	0000	32
		_delayWithTimer2		CODE           	1BA8	0000	44

./timers.h estimated size: 132

/opt/microchip/xc8/v2.32/pic/sources/c99/common/awdiv.c
		___awdiv       		CODE           	182C	0000	196

/opt/microchip/xc8/v2.32/pic/sources/c99/common/awdiv.c estimated size: 196

eSafeMain.c
		_init_PORTB    		CODE           	1CD2	0000	22
		_main          		CODE           	107E	0000	972
		_passwordCheck 		CODE           	1AB2	0000	86
		_displayNumbers		CODE           	1758	0000	212
		_init_Clock    		CODE           	1D0A	0000	10

eSafeMain.c estimated size: 1302

./ISR.h
		_my_ISR        		CODE           	0008	0000	788

./ISR.h estimated size: 788

./LCD.h
		_LCDCmd        		CODE           	1C82	0000	30
		_LCDStr        		CODE           	19B4	0000	138
		_InitLCD       		CODE           	1B76	0000	50
		_LCDDat        		CODE           	1C62	0000	32
		_LCDGoto       		CODE           	1B42	0000	52

./LCD.h estimated size: 302

shared
		i2___awdiv     		CODE           	18F0	0000	196
		__initialization		CODE           	1B08	0000	44

shared estimated size: 240

/opt/microchip/xc8/v2.32/pic/sources/c99/common/lwdiv.c
		___lwdiv       		CODE           	1A3E	0000	116

/opt/microchip/xc8/v2.32/pic/sources/c99/common/lwdiv.c estimated size: 116

./adc.h
		_init_ADC_Potentiometer		CODE           	1BFA	0000	38
		_config_ADC_Potentiometer		CODE           	1CFA	0000	16
		_init_ADC_Thermometer		CODE           	1BD4	0000	38
		_config_ADC_Thermometer		CODE           	1CE8	0000	18

./adc.h estimated size: 110

